core_cm4.h:1037:22:NVIC_SetPriorityGrouping	24	static
main.c:219:5:main	16	static
main.c:280:6:simple_delay	16	static
main.c:286:6:rcc_config	8	static
main.c:293:6:gpio_config	32	static
main.c:323:6:adc_config	48	static
main.c:352:6:shift_register_clear	8	static
main.c:361:6:shift_register_set_reset_clock	8	static
main.c:369:6:shift_register_control	24	static
main.c:391:13:traffic_flow_adjustment_task	24	static
main.c:420:13:traffic_generator_task	24	static
main.c:447:13:vGreenLightTimerCallBack	24	static
main.c:456:13:vAmberLightTimerCallBack	24	static
main.c:465:13:vRedLightTimerCallBack	24	static
main.c:474:13:traffic_light_state_task	48	static
main.c:551:6:traffic_under_green_amber_red_state	24	static
main.c:638:13:traffic_system_display_task	40	static
main.c:694:6:vApplicationMallocFailedHook	4	static
main.c:708:6:vApplicationStackOverflowHook	16	static
main.c:721:6:vApplicationIdleHook	16	static
main.c:742:13:prvSetupHardware	8	static
